// Jest Snapshot v1, https://goo.gl/fbAQLP

exports[`Pruebas a <GridItem /> Debe mostrar <GridItem /> 1`] = `
<div
  className="card animate__animated animate__fadeIn"
>
  <img
    alt="One Punch Man GIF"
    src="https://media1.giphy.com/media/VXJWhaO7afRe/giphy.gif?cid=c8516906kvu2qatjv5ni3dvg8x9tquagc2o32ei4rql1oj8j&rid=giphy.gif&ct=g"
  />
  <p>
    One Punch Man GIF
  </p>
</div>
`;
